Microchip MPLAB XC8 Compiler V1.45 ()

Linker command line:

-W-3 \
  --edf=D:\MPLab (including all excess instalations)\0 MPLab Compiler\dat\en_msgs.txt \
  -cs -h+dist/default/production\RAINBO.X.production.sym \
  --cmf=dist/default/production\RAINBO.X.production.cmf -z -Q12F1840 \
  -oC:\Users\timi2\AppData\Local\Temp\sc8s.2 \
  -Mdist/default/production/RAINBO.X.production.map -E1 -ver=XC8 \
  -ASTACK=02034h-020efh -pstack=STACK -ACODE=00h-07FFhx2 \
  -ASTRCODE=00h-0FFFh -ASTRING=00h-0FFhx16 -ACONST=00h-0FFhx16 \
  -AENTRY=00h-0FFhx16 -ACOMMON=070h-07Fh -ABANK0=020h-06Fh \
  -ABANK1=0A0h-0EFh -ABANK2=0120h-016Fh -ABIGRAM=02000h-020EFh \
  -ARAM=020h-06Fh,0A0h-0EFh,0120h-016Fh \
  -AABS1=020h-07Fh,0A0h-0EFh,0120h-016Fh -ASFR0=00h-01Fh -ASFR1=080h-09Fh \
  -ASFR2=0100h-011Fh -ASFR3=0180h-01EFh -ASFR4=0200h-026Fh \
  -ASFR5=0280h-02EFh -ASFR6=0300h-036Fh -ASFR7=0380h-03EFh \
  -ASFR8=0400h-046Fh -ASFR9=0480h-04EFh -ASFR10=0500h-056Fh \
  -ASFR11=0580h-05EFh -ASFR12=0600h-066Fh -ASFR13=0680h-06EFh \
  -ASFR14=0700h-076Fh -ASFR15=0780h-07EFh -ASFR16=0800h-086Fh \
  -ASFR17=0880h-08EFh -ASFR18=0900h-096Fh -ASFR19=0980h-09EFh \
  -ASFR20=0A00h-0A6Fh -ASFR21=0A80h-0AEFh -ASFR22=0B00h-0B6Fh \
  -ASFR23=0B80h-0BEFh -ASFR24=0C00h-0C6Fh -ASFR25=0C80h-0CEFh \
  -ASFR26=0D00h-0D6Fh -ASFR27=0D80h-0DEFh -ASFR28=0E00h-0E6Fh \
  -ASFR29=0E80h-0EEFh -ASFR30=0F00h-0F6Fh -ASFR31=0F80h-0FEFh \
  -preset_vec=00h,intentry,init,end_init -ppowerup=CODE -pcinit=CODE \
  -pfunctab=ENTRY -ACONFIG=08007h-08008h -pconfig=CONFIG -DCONFIG=2 \
  -AIDLOC=08000h-08003h -pidloc=IDLOC -DIDLOC=2 -AEEDATA=00h-0FFh/0F000h \
  -peeprom_data=EEDATA -DEEDATA=2 -DCODE=2 -DSTRCODE=2 -DSTRING=2 -DCONST=2 \
  -DENTRY=2 -k C:\Users\timi2\AppData\Local\Temp\sc8s.obj \
  dist/default/production\RAINBO.X.production.obj 

Object code version is 3.11

Machine type is 12F1840



                Name                               Link     Load   Length Selector   Space Scale
C:\Users\timi2\AppData\Local\Temp\sc8s.obj
                end_init                              2        2        2        0       0
                reset_vec                             0        0        2        0       0
                config                             8007     8007        2    1000E       0
dist/default/production\RAINBO.X.production.obj
                cinit                               7EA      7EA       16      FD4       0
                text6                               608      608       14      C10       0
                text5                               61C      61C       1A      C38       0
                text4                               665      665       33      CCA       0
                text3                               75E      75E       8C      EBC       0
                text2                               636      636       2F      C6C       0
                text1                               698      698       3C      D30       0
                maintext                            6D4      6D4       8A      DA8       0
                cstackBANK0                          4A       4A        A       20       1
                cstackCOMMON                         70       70        E       70       1
                clrtext                             5EF      5EF        6      BDE       0
                inittext                            5F5      5F5        6      BEA       0
                dataBANK0                            3D       3D        D       20       1
                bssBANK0                             20       20       1D       20       1
                stringtext1                         800      800        1     1000       0
                idataBANK0                          5FB      5FB        D      BF6       0

TOTAL           Name                               Link     Load   Length     Space
        CLASS   STACK          

        CLASS   CODE           
                end_init                              2        2        2         0
                cinit                               7EA      7EA       16         0
                reset_vec                             0        0        2         0
                text6                               608      608       14         0
                text5                               61C      61C       1A         0
                text4                               665      665       33         0
                text3                               75E      75E       8C         0
                text2                               636      636       2F         0
                text1                               698      698       3C         0
                maintext                            6D4      6D4       8A         0
                clrtext                             5EF      5EF        6         0
                inittext                            5F5      5F5        6         0
                idataBANK0                          5FB      5FB        D         0

        CLASS   STRCODE        
                stringtext1                         800      800        1         0

        CLASS   STRING         

        CLASS   CONST          

        CLASS   ENTRY          

        CLASS   COMMON         
                cstackCOMMON                         70       70        E         1

        CLASS   BANK0          
                cstackBANK0                          4A       4A        A         1
                dataBANK0                            3D       3D        D         1
                bssBANK0                             20       20       1D         1

        CLASS   BANK1          

        CLASS   BANK2          

        CLASS   BIGRAM         

        CLASS   RAM            

        CLASS   ABS1           
                abs_s1                               7E       7E        2         1

        CLASS   SFR0           

        CLASS   SFR1           

        CLASS   SFR2           

        CLASS   SFR3           

        CLASS   SFR4           

        CLASS   SFR5           

        CLASS   SFR6           

        CLASS   SFR7           

        CLASS   SFR8           

        CLASS   SFR9           

        CLASS   SFR10          

        CLASS   SFR11          

        CLASS   SFR12          

        CLASS   SFR13          

        CLASS   SFR14          

        CLASS   SFR15          

        CLASS   SFR16          

        CLASS   SFR17          

        CLASS   SFR18          

        CLASS   SFR19          

        CLASS   SFR20          

        CLASS   SFR21          

        CLASS   SFR22          

        CLASS   SFR23          

        CLASS   SFR24          

        CLASS   SFR25          

        CLASS   SFR26          

        CLASS   SFR27          

        CLASS   SFR28          

        CLASS   SFR29          

        CLASS   SFR30          

        CLASS   SFR31          

        CLASS   CONFIG         
                config                             8007     8007        2         0

        CLASS   IDLOC          

        CLASS   EEDATA         

        CLASS   BANK31         

        CLASS   BANK30         

        CLASS   BANK29         

        CLASS   BANK28         

        CLASS   BANK27         

        CLASS   BANK26         

        CLASS   BANK25         

        CLASS   BANK24         

        CLASS   BANK23         

        CLASS   BANK22         

        CLASS   BANK21         

        CLASS   BANK20         

        CLASS   BANK19         

        CLASS   BANK18         

        CLASS   BANK17         

        CLASS   BANK16         

        CLASS   BANK15         

        CLASS   BANK14         

        CLASS   BANK13         

        CLASS   BANK12         

        CLASS   BANK11         

        CLASS   BANK10         

        CLASS   BANK9          

        CLASS   BANK8          

        CLASS   BANK7          

        CLASS   BANK6          

        CLASS   BANK5          

        CLASS   BANK4          

        CLASS   BANK3          



SEGMENTS        Name                           Load    Length   Top    Selector   Space  Class     Delta

                reset_vec                      000000  000004  000004         0       0  CODE        2
                bssBANK0                       000020  000034  000054        20       1  BANK0       1
                cstackCOMMON                   000070  00000E  00007E        70       1  COMMON      1
                clrtext                        0005EF  000006  0005F5       BDE       0  CODE        2
                inittext                       0005F5  000006  0005FB       BEA       0  CODE        2
                idataBANK0                     0005FB  00000D  000608       BF6       0  CODE        2
                text6                          000608  000014  00061C       C10       0  CODE        2
                text5                          00061C  00001A  000636       C38       0  CODE        2
                text2                          000636  00002F  000665       C6C       0  CODE        2
                text4                          000665  000033  000698       CCA       0  CODE        2
                text1                          000698  00003C  0006D4       D30       0  CODE        2
                maintext                       0006D4  00008A  00075E       DA8       0  CODE        2
                text3                          00075E  00008C  0007EA       EBC       0  CODE        2
                cinit                          0007EA  000016  000800       FD4       0  CODE        2
                stringtext1                    000800  000001  000801      1000       0  STRCODE     2
                config                         008007  000002  008009     1000E       0  CONFIG      2


UNUSED ADDRESS RANGES

        Name                Unused          Largest block    Delta
        BANK0            00054-0006F              1C           1
        BANK1            000A0-000EF              50           1
        BANK2            00120-0016F              50           1
        BIGRAM           02000-020EF              F0           1
        CODE             00004-005EE             5EB           2
                         00801-00FFF             7FF
        CONST            00004-005EE             100           2
                         00801-00FFF             100
        EEDATA           0F000-0F0FF             100           2
        ENTRY            00004-005EE             100           2
                         00801-00FFF             100
        IDLOC            08000-08003               4           2
        RAM              00054-0006F              1C           1
                         000A0-000EF              50
                         00120-0016F              50
        SFR0             00000-0001F              20           1
        SFR1             00080-0009F              20           1
        SFR10            00500-0056F              70           1
        SFR11            00580-005EF              70           1
        SFR12            00600-0066F              70           1
        SFR13            00680-006EF              70           1
        SFR14            00700-0076F              70           1
        SFR15            00780-007EF              70           1
        SFR16            00800-0086F              70           1
        SFR17            00880-008EF              70           1
        SFR18            00900-0096F              70           1
        SFR19            00980-009EF              70           1
        SFR2             00100-0011F              20           1
        SFR20            00A00-00A6F              70           1
        SFR21            00A80-00AEF              70           1
        SFR22            00B00-00B6F              70           1
        SFR23            00B80-00BEF              70           1
        SFR24            00C00-00C6F              70           1
        SFR25            00C80-00CEF              70           1
        SFR26            00D00-00D6F              70           1
        SFR27            00D80-00DEF              70           1
        SFR28            00E00-00E6F              70           1
        SFR29            00E80-00EEF              70           1
        SFR3             00180-001EF              70           1
        SFR30            00F00-00F6F              70           1
        SFR31            00F80-00FEF              70           1
        SFR4             00200-0026F              70           1
        SFR5             00280-002EF              70           1
        SFR6             00300-0036F              70           1
        SFR7             00380-003EF              70           1
        SFR8             00400-0046F              70           1
        SFR9             00480-004EF              70           1
        STACK            02034-020EF              BC           1
        STRCODE          00004-005EE             5EB           2
                         00801-00FFF             7FF
        STRING           00004-005EE             100           2
                         00801-00FFF             100

                                  Symbol Table

?___lmul                 cstackCOMMON 00070
?_rand                   cstackCOMMON 0007C
_ADCON0                  (abs)        0009D
_ADCON1                  (abs)        0009E
_ADON                    (abs)        004E8
_ADRESH                  (abs)        0009C
_ANSELA                  (abs)        0018C
_GO                      (abs)        004E9
_INTCON                  (abs)        0000B
_LATA                    (abs)        0010C
_LED                     dataBANK0    00045
_OPTION_REG              (abs)        00095
_OSCCON                  (abs)        00099
_PORTA                   (abs)        0000C
_RA5                     (abs)        00065
_TRISA                   (abs)        0008C
_WDTCON                  (abs)        00097
_WPUA                    (abs)        0020C
__CFG_BOREN$OFF          (abs)        00000
__CFG_BORV$LO            (abs)        00000
__CFG_CLKOUTEN$OFF       (abs)        00000
__CFG_CP$OFF             (abs)        00000
__CFG_CPD$OFF            (abs)        00000
__CFG_FCMEN$OFF          (abs)        00000
__CFG_FOSC$INTOSC        (abs)        00000
__CFG_IESO$OFF           (abs)        00000
__CFG_LVP$OFF            (abs)        00000
__CFG_MCLRE$OFF          (abs)        00000
__CFG_PLLEN$ON           (abs)        00000
__CFG_PWRTE$ON           (abs)        00000
__CFG_STVREN$ON          (abs)        00000
__CFG_WDTE$SWDTEN        (abs)        00000
__CFG_WRT$OFF            (abs)        00000
__Habs1                  abs1         00000
__Hbank0                 bank0        00000
__Hbank1                 bank1        00000
__Hbank10                bank10       00000
__Hbank11                bank11       00000
__Hbank12                bank12       00000
__Hbank13                bank13       00000
__Hbank14                bank14       00000
__Hbank15                bank15       00000
__Hbank16                bank16       00000
__Hbank17                bank17       00000
__Hbank18                bank18       00000
__Hbank19                bank19       00000
__Hbank2                 bank2        00000
__Hbank20                bank20       00000
__Hbank21                bank21       00000
__Hbank22                bank22       00000
__Hbank23                bank23       00000
__Hbank24                bank24       00000
__Hbank25                bank25       00000
__Hbank26                bank26       00000
__Hbank27                bank27       00000
__Hbank28                bank28       00000
__Hbank29                bank29       00000
__Hbank3                 bank3        00000
__Hbank30                bank30       00000
__Hbank31                bank31       00000
__Hbank4                 bank4        00000
__Hbank5                 bank5        00000
__Hbank6                 bank6        00000
__Hbank7                 bank7        00000
__Hbank8                 bank8        00000
__Hbank9                 bank9        00000
__Hbigram                bigram       00000
__HbssBANK0              bssBANK0     00000
__Hcinit                 cinit        00800
__Hclrtext               clrtext      00000
__Hcode                  code         00000
__Hcommon                common       00000
__Hconfig                config       08009
__HcstackBANK0           cstackBANK0  00000
__HcstackCOMMON          cstackCOMMON 00000
__HdataBANK0             dataBANK0    00000
__Heeprom_data           eeprom_data  00000
__Hend_init              end_init     00004
__Hfunctab               functab      00000
__HidataBANK0            idataBANK0   00000
__Hidloc                 idloc        00000
__Hinit                  init         00002
__Hinittext              inittext     00000
__Hintentry              intentry     00002
__Hmaintext              maintext     00000
__Hpowerup               powerup      00000
__Hram                   ram          00000
__Hreset_vec             reset_vec    00002
__Hsfr0                  sfr0         00000
__Hsfr1                  sfr1         00000
__Hsfr10                 sfr10        00000
__Hsfr11                 sfr11        00000
__Hsfr12                 sfr12        00000
__Hsfr13                 sfr13        00000
__Hsfr14                 sfr14        00000
__Hsfr15                 sfr15        00000
__Hsfr16                 sfr16        00000
__Hsfr17                 sfr17        00000
__Hsfr18                 sfr18        00000
__Hsfr19                 sfr19        00000
__Hsfr2                  sfr2         00000
__Hsfr20                 sfr20        00000
__Hsfr21                 sfr21        00000
__Hsfr22                 sfr22        00000
__Hsfr23                 sfr23        00000
__Hsfr24                 sfr24        00000
__Hsfr25                 sfr25        00000
__Hsfr26                 sfr26        00000
__Hsfr27                 sfr27        00000
__Hsfr28                 sfr28        00000
__Hsfr29                 sfr29        00000
__Hsfr3                  sfr3         00000
__Hsfr30                 sfr30        00000
__Hsfr31                 sfr31        00000
__Hsfr4                  sfr4         00000
__Hsfr5                  sfr5         00000
__Hsfr6                  sfr6         00000
__Hsfr7                  sfr7         00000
__Hsfr8                  sfr8         00000
__Hsfr9                  sfr9         00000
__Hspace_0               (abs)        08009
__Hspace_1               (abs)        0007E
__Hspace_2               (abs)        00000
__Hspace_3               (abs)        00000
__Hstack                 stack        00000
__Hstrings               strings      00000
__Hstringtext1           stringtext1  00000
__Htext                  text         00000
__Labs1                  abs1         00000
__Lbank0                 bank0        00000
__Lbank1                 bank1        00000
__Lbank10                bank10       00000
__Lbank11                bank11       00000
__Lbank12                bank12       00000
__Lbank13                bank13       00000
__Lbank14                bank14       00000
__Lbank15                bank15       00000
__Lbank16                bank16       00000
__Lbank17                bank17       00000
__Lbank18                bank18       00000
__Lbank19                bank19       00000
__Lbank2                 bank2        00000
__Lbank20                bank20       00000
__Lbank21                bank21       00000
__Lbank22                bank22       00000
__Lbank23                bank23       00000
__Lbank24                bank24       00000
__Lbank25                bank25       00000
__Lbank26                bank26       00000
__Lbank27                bank27       00000
__Lbank28                bank28       00000
__Lbank29                bank29       00000
__Lbank3                 bank3        00000
__Lbank30                bank30       00000
__Lbank31                bank31       00000
__Lbank4                 bank4        00000
__Lbank5                 bank5        00000
__Lbank6                 bank6        00000
__Lbank7                 bank7        00000
__Lbank8                 bank8        00000
__Lbank9                 bank9        00000
__Lbigram                bigram       00000
__LbssBANK0              bssBANK0     00000
__Lcinit                 cinit        007EA
__Lclrtext               clrtext      00000
__Lcode                  code         00000
__Lcommon                common       00000
__Lconfig                config       08007
__LcstackBANK0           cstackBANK0  00000
__LcstackCOMMON          cstackCOMMON 00000
__LdataBANK0             dataBANK0    00000
__Leeprom_data           eeprom_data  00000
__Lend_init              end_init     00002
__Lfunctab               functab      00000
__LidataBANK0            idataBANK0   00000
__Lidloc                 idloc        00000
__Linit                  init         00002
__Linittext              inittext     00000
__Lintentry              intentry     00002
__Lmaintext              maintext     00000
__Lpowerup               powerup      00000
__Lram                   ram          00000
__Lreset_vec             reset_vec    00000
__Lsfr0                  sfr0         00000
__Lsfr1                  sfr1         00000
__Lsfr10                 sfr10        00000
__Lsfr11                 sfr11        00000
__Lsfr12                 sfr12        00000
__Lsfr13                 sfr13        00000
__Lsfr14                 sfr14        00000
__Lsfr15                 sfr15        00000
__Lsfr16                 sfr16        00000
__Lsfr17                 sfr17        00000
__Lsfr18                 sfr18        00000
__Lsfr19                 sfr19        00000
__Lsfr2                  sfr2         00000
__Lsfr20                 sfr20        00000
__Lsfr21                 sfr21        00000
__Lsfr22                 sfr22        00000
__Lsfr23                 sfr23        00000
__Lsfr24                 sfr24        00000
__Lsfr25                 sfr25        00000
__Lsfr26                 sfr26        00000
__Lsfr27                 sfr27        00000
__Lsfr28                 sfr28        00000
__Lsfr29                 sfr29        00000
__Lsfr3                  sfr3         00000
__Lsfr30                 sfr30        00000
__Lsfr31                 sfr31        00000
__Lsfr4                  sfr4         00000
__Lsfr5                  sfr5         00000
__Lsfr6                  sfr6         00000
__Lsfr7                  sfr7         00000
__Lsfr8                  sfr8         00000
__Lsfr9                  sfr9         00000
__Lspace_0               (abs)        00000
__Lspace_1               (abs)        00000
__Lspace_2               (abs)        00000
__Lspace_3               (abs)        00000
__Lstack                 stack        00000
__Lstrings               strings      00000
__Lstringtext1           stringtext1  00000
__Ltext                  text         00000
__S0                     (abs)        08009
__S1                     (abs)        0007E
__S2                     (abs)        00000
__S3                     (abs)        00000
___int_sp                stack        00000
___latbits               (abs)        00001
___lmul                  text2        00636
___lmul@multiplicand     cstackCOMMON 00074
___lmul@multiplier       cstackCOMMON 00070
___lmul@product          cstackCOMMON 00078
___sp                    stack        00000
__end_of___lmul          text2        00665
__end_of__initialization cinit        007FD
__end_of_adConvert       text6        0061C
__end_of_init            text5        00636
__end_of_loadArray       text4        00698
__end_of_main            maintext     0075E
__end_of_maxLEDs         stringtext1  00801
__end_of_neoRGB          text3        007EA
__end_of_rand            text1        006D4
__initialization         cinit        007EA
__pbssBANK0              bssBANK0     00020
__pcstackBANK0           cstackBANK0  0004A
__pcstackCOMMON          cstackCOMMON 00070
__pdataBANK0             dataBANK0    0003D
__pidataBANK0            idataBANK0   005FB
__pmaintext              maintext     006D4
__pstringtext1           stringtext1  00800
__ptext1                 text1        00698
__ptext2                 text2        00636
__ptext3                 text3        0075E
__ptext4                 text4        00665
__ptext5                 text5        0061C
__ptext6                 text6        00608
__size_of___lmul         (abs)        00000
__size_of_adConvert      (abs)        00000
__size_of_init           (abs)        00000
__size_of_loadArray      (abs)        00000
__size_of_main           (abs)        00000
__size_of_neoRGB         (abs)        00000
__size_of_rand           (abs)        00000
_adConvert               text6        00608
_blueArray               bssBANK0     00020
_colour                  dataBANK0    00046
_greenArray              bssBANK0     00028
_i                       bssBANK0     00038
_init                    text5        0061C
_isred                   dataBANK0    00041
_loadArray               text4        00665
_main                    maintext     006D4
_maxbrightness           dataBANK0    00043
_neoRGB                  text3        0075E
_rand                    text1        00698
_randx                   dataBANK0    0003D
_redArray                bssBANK0     00030
_temp                    bssBANK0     00039
adConvert@chan           cstackCOMMON 00070
btemp                    (abs)        0007E
clear_ram0               clrtext      005EF
end_of_initialization    cinit        007FD
init_ram                 inittext     005F5
intlevel0                functab      00000
intlevel1                functab      00000
intlevel2                functab      00000
intlevel3                functab      00000
intlevel4                functab      00000
intlevel5                functab      00000
loadArray@i              cstackCOMMON 00072
loadArray@sensor         cstackCOMMON 00071
main@lightsense          cstackBANK0  00052
main@tempsense           cstackBANK0  00053
neoRGB@blue              cstackCOMMON 00071
neoRGB@green             cstackCOMMON 00070
neoRGB@leds              cstackCOMMON 00072
neoRGB@red               cstackCOMMON 00075
neoRGB@singleled         cstackCOMMON 00073
reset_vec                reset_vec    00000
stackhi                  (abs)        020EF
stacklo                  (abs)        02034
start                    init         00002
start_initialization     cinit        007EA
wtemp0                   (abs)        0007E


FUNCTION INFORMATION:

 *************** function _main *****************
 Defined at:
		line 243 in file "RAINBO-Starter.c"
 Parameters:    Size  Location     Type
		None
 Auto vars:     Size  Location     Type
  tempsense       1    9[BANK0 ] unsigned char 
  lightsense      1    8[BANK0 ] unsigned char 
 Return value:  Size  Location     Type
                  2  135[None  ] int 
 Registers used:
		wreg, fsr1l, fsr1h, status,2, status,0, pclath, cstack
 Tracked objects:
		On entry : 
		On exit  : 
		Unchanged: 
 Data sizes:     COMMON   BANK0   BANK1   BANK2
      Params:         0       0       0       0
      Locals:         0       2       0       0
      Temps:          0       3       0       0
      Totals:         0       5       0       0
Total ram usage:        5 bytes
 Hardware stack levels required when called:    2
 This function calls:
		_adConvert
		_init
		_loadArray
		_neoRGB
		_rand
 This function is called by:
		Startup code after reset
 This function uses a non-reentrant model


 *************** function _rand *****************
 Defined at:
		line 12 in file "D:\MPLab (including all excess instalations)\0 MPLab Compiler\sources\common\rand.c"
 Parameters:    Size  Location     Type
		None
 Auto vars:     Size  Location     Type
		None
 Return value:  Size  Location     Type
                  2   12[COMMON] int 
 Registers used:
		wreg, status,2, status,0, pclath, cstack
 Tracked objects:
		On entry : 
		On exit  : 
		Unchanged: 
 Data sizes:     COMMON   BANK0   BANK1   BANK2
      Params:         2       0       0       0
      Locals:         0       0       0       0
      Temps:          0       5       0       0
      Totals:         2       5       0       0
Total ram usage:        7 bytes
 Hardware stack levels used:    1
 Hardware stack levels required when called:    1
 This function calls:
		___lmul
 This function is called by:
		_main
 This function uses a non-reentrant model


 *************** function ___lmul *****************
 Defined at:
		line 15 in file "D:\MPLab (including all excess instalations)\0 MPLab Compiler\sources\common\Umul32.c"
 Parameters:    Size  Location     Type
  multiplier      4    0[COMMON] unsigned long 
  multiplicand    4    4[COMMON] unsigned long 
 Auto vars:     Size  Location     Type
  product         4    8[COMMON] unsigned long 
 Return value:  Size  Location     Type
                  4    0[COMMON] unsigned long 
 Registers used:
		wreg, status,2, status,0
 Tracked objects:
		On entry : 
		On exit  : 
		Unchanged: 
 Data sizes:     COMMON   BANK0   BANK1   BANK2
      Params:         8       0       0       0
      Locals:         4       0       0       0
      Temps:          0       0       0       0
      Totals:        12       0       0       0
Total ram usage:       12 bytes
 Hardware stack levels used:    1
 This function calls:
		Nothing
 This function is called by:
		_rand
 This function uses a non-reentrant model


 *************** function _neoRGB *****************
 Defined at:
		line 65 in file "RAINBO-Starter.c"
 Parameters:    Size  Location     Type
  red             1    wreg     unsigned char 
  green           1    0[COMMON] unsigned char 
  blue            1    1[COMMON] unsigned char 
  leds            1    2[COMMON] unsigned char 
  singleled       1    3[COMMON] unsigned char 
 Auto vars:     Size  Location     Type
  red             1    5[COMMON] unsigned char 
 Return value:  Size  Location     Type
                  1    wreg      void 
 Registers used:
		wreg, status,2, status,0
 Tracked objects:
		On entry : 
		On exit  : 
		Unchanged: 
 Data sizes:     COMMON   BANK0   BANK1   BANK2
      Params:         4       0       0       0
      Locals:         1       0       0       0
      Temps:          1       0       0       0
      Totals:         6       0       0       0
Total ram usage:        6 bytes
 Hardware stack levels used:    1
 This function calls:
		Nothing
 This function is called by:
		_main
 This function uses a non-reentrant model


 *************** function _loadArray *****************
 Defined at:
		line 203 in file "RAINBO-Starter.c"
 Parameters:    Size  Location     Type
  sensor          1    wreg     unsigned char 
 Auto vars:     Size  Location     Type
  sensor          1    1[COMMON] unsigned char 
  i               1    2[COMMON] unsigned char 
 Return value:  Size  Location     Type
                  1    wreg      void 
 Registers used:
		wreg, fsr1l, fsr1h, status,2, status,0
 Tracked objects:
		On entry : 
		On exit  : 
		Unchanged: 
 Data sizes:     COMMON   BANK0   BANK1   BANK2
      Params:         0       0       0       0
      Locals:         2       0       0       0
      Temps:          1       0       0       0
      Totals:         3       0       0       0
Total ram usage:        3 bytes
 Hardware stack levels used:    1
 This function calls:
		Nothing
 This function is called by:
		_main
 This function uses a non-reentrant model


 *************** function _init *****************
 Defined at:
		line 12 in file "RAINBO.c"
 Parameters:    Size  Location     Type
		None
 Auto vars:     Size  Location     Type
		None
 Return value:  Size  Location     Type
                  1    wreg      void 
 Registers used:
		wreg, status,2
 Tracked objects:
		On entry : 
		On exit  : 
		Unchanged: 
 Data sizes:     COMMON   BANK0   BANK1   BANK2
      Params:         0       0       0       0
      Locals:         0       0       0       0
      Temps:          0       0       0       0
      Totals:         0       0       0       0
Total ram usage:        0 bytes
 Hardware stack levels used:    1
 This function calls:
		Nothing
 This function is called by:
		_main
 This function uses a non-reentrant model


 *************** function _adConvert *****************
 Defined at:
		line 46 in file "RAINBO-Starter.c"
 Parameters:    Size  Location     Type
  chan            1    wreg     unsigned char 
 Auto vars:     Size  Location     Type
  chan            1    0[COMMON] unsigned char 
 Return value:  Size  Location     Type
                  1    wreg      unsigned char 
 Registers used:
		wreg, status,2, status,0
 Tracked objects:
		On entry : 
		On exit  : 
		Unchanged: 
 Data sizes:     COMMON   BANK0   BANK1   BANK2
      Params:         0       0       0       0
      Locals:         1       0       0       0
      Temps:          0       0       0       0
      Totals:         1       0       0       0
Total ram usage:        1 bytes
 Hardware stack levels used:    1
 This function calls:
		Nothing
 This function is called by:
		_main
 This function uses a non-reentrant model



MODULE INFORMATION

Module		Function		Class		Link	Load	Size
D:\MPLab (including all excess instalations)\0 MPLab Compiler\sources\common\Umul32.c
		___lmul        		CODE           	0636	0000	48

D:\MPLab (including all excess instalations)\0 MPLab Compiler\sources\common\Umul32.c estimated size: 48

RAINBO.c
		_init          		CODE           	061C	0000	27

RAINBO.c estimated size: 27

D:\MPLab (including all excess instalations)\0 MPLab Compiler\sources\common\rand.c
		_rand          		CODE           	0698	0000	61

D:\MPLab (including all excess instalations)\0 MPLab Compiler\sources\common\rand.c estimated size: 61

shared
		_maxLEDs       		STRCODE        	0000	0000	0
		__initialization		CODE           	07EA	0000	20

shared estimated size: 20

RAINBO-Starter.c
		_neoRGB        		CODE           	075E	0000	141
		_loadArray     		CODE           	0665	0000	52
		_main          		CODE           	06D4	0000	139
		_adConvert     		CODE           	0608	0000	21

RAINBO-Starter.c estimated size: 353

